2025-10-05 17:50:55,192 [INFO] Experiment parameters:
2025-10-05 17:50:55,193 [INFO] 			num_com_layers=1
2025-10-05 17:50:55,194 [INFO] 			num_enc_layers=3 | pat_enc=1
2025-10-05 17:50:55,194 [INFO] 			num_dec_layers=4 | pat_enc=2
2025-10-05 17:53:11,968 [INFO] Full dataset size: 3177 samples
2025-10-05 17:55:57,122 [INFO] Training set size: 2541 samples
2025-10-05 17:55:57,123 [INFO] Evaluation set size: 636 samples
2025-10-05 17:56:03,765 [INFO] Starting LSA64_08...
2025-10-05 17:56:03,765 [INFO] Training using datasets/LSA64_60fps.csv...
2025-10-05 17:56:39,496 [INFO] [1] TRAIN  loss: 3.821508731482164 acc: 0.1046831955922865
2025-10-05 17:56:39,497 [INFO] [1] AVG TRAIN time per sample (sec): 0.09600404973299999 
2025-10-05 17:56:39,497 [INFO] 
2025-10-05 17:57:11,705 [INFO] [2] TRAIN  loss: 2.5847320556640625 acc: 0.5757575757575758
2025-10-05 17:57:11,705 [INFO] [2] AVG TRAIN time per sample (sec): 0.0896798664668821 
2025-10-05 17:57:11,705 [INFO] 
2025-10-05 17:57:43,958 [INFO] [3] TRAIN  loss: 1.8409636875368514 acc: 0.8366784730421094
2025-10-05 17:57:43,958 [INFO] [3] AVG TRAIN time per sample (sec): 0.09003020457501681 
2025-10-05 17:57:43,958 [INFO] 
2025-10-05 17:58:16,125 [INFO] [4] TRAIN  loss: 1.408587761645047 acc: 0.9126328217237308
2025-10-05 17:58:16,125 [INFO] [4] AVG TRAIN time per sample (sec): 0.09038628497213688 
2025-10-05 17:58:16,126 [INFO] 
2025-10-05 17:58:48,284 [INFO] [5] TRAIN  loss: 1.132680353128685 acc: 0.9555293191656828
2025-10-05 17:58:48,284 [INFO] [5] AVG TRAIN time per sample (sec): 0.09058634964924939 
2025-10-05 17:58:48,284 [INFO] 
2025-10-05 17:59:20,923 [INFO] [6] TRAIN  loss: 0.9998934044028228 acc: 0.9689098780007871
2025-10-05 17:59:20,923 [INFO] [6] AVG TRAIN time per sample (sec): 0.09087799180228755 
2025-10-05 17:59:20,923 [INFO] 
2025-10-05 17:59:53,309 [INFO] [7] TRAIN  loss: 0.9217067934432119 acc: 0.9799291617473436
2025-10-05 17:59:53,309 [INFO] [7] AVG TRAIN time per sample (sec): 0.09061054013810067 
2025-10-05 17:59:53,309 [INFO] 
2025-10-05 18:00:26,055 [INFO] [8] TRAIN  loss: 0.8688307708164431 acc: 0.983077528532074
2025-10-05 18:00:26,055 [INFO] [8] AVG TRAIN time per sample (sec): 0.09251575200062878 
2025-10-05 18:00:26,055 [INFO] 
2025-10-05 18:01:04,355 [INFO] [9] TRAIN  loss: 0.841512716041421 acc: 0.9881936245572609
2025-10-05 18:01:04,355 [INFO] [9] AVG TRAIN time per sample (sec): 0.10826358705196741 
2025-10-05 18:01:04,355 [INFO] 
2025-10-05 18:01:43,941 [INFO] [10] TRAIN  loss: 0.8157357269862913 acc: 0.9917355371900827
2025-10-05 18:01:43,941 [INFO] [10] AVG TRAIN time per sample (sec): 0.11137400933031766 
2025-10-05 18:01:43,941 [INFO] 
2025-10-05 18:02:26,107 [INFO] [11] TRAIN  loss: 0.797906479745541 acc: 0.9956709956709957
2025-10-05 18:02:26,107 [INFO] [11] AVG TRAIN time per sample (sec): 0.1185980090555155 
2025-10-05 18:02:26,107 [INFO] 
2025-10-05 18:03:05,585 [INFO] [12] TRAIN  loss: 0.7919845581054688 acc: 0.9964580873671782
2025-10-05 18:03:05,585 [INFO] [12] AVG TRAIN time per sample (sec): 0.11083047569922681 
2025-10-05 18:03:05,586 [INFO] 
2025-10-05 18:03:44,860 [INFO] [13] TRAIN  loss: 0.7800521130831737 acc: 0.9988193624557261
2025-10-05 18:03:44,860 [INFO] [13] AVG TRAIN time per sample (sec): 0.10694815527718023 
2025-10-05 18:03:44,860 [INFO] 
2025-10-05 18:04:23,850 [INFO] [14] TRAIN  loss: 0.7762822565042747 acc: 0.9992129083038174
2025-10-05 18:04:23,850 [INFO] [14] AVG TRAIN time per sample (sec): 0.10842415971576043 
2025-10-05 18:04:23,850 [INFO] 
2025-10-05 18:05:02,828 [INFO] [15] TRAIN  loss: 0.7671795970988724 acc: 0.9996064541519087
2025-10-05 18:05:02,828 [INFO] [15] AVG TRAIN time per sample (sec): 0.10960182153953696 
2025-10-05 18:05:02,828 [INFO] 
2025-10-05 18:05:41,059 [INFO] [16] TRAIN  loss: 0.7641192022359596 acc: 1.0
2025-10-05 18:05:41,059 [INFO] [16] AVG TRAIN time per sample (sec): 0.10720211379932908 
2025-10-05 18:05:41,059 [INFO] 
2025-10-05 18:06:16,865 [INFO] [17] TRAIN  loss: 0.7678540787606869 acc: 0.9984258166076347
2025-10-05 18:06:16,865 [INFO] [17] AVG TRAIN time per sample (sec): 0.09644436611319487 
2025-10-05 18:06:16,865 [INFO] 
2025-10-05 18:06:49,192 [INFO] [18] TRAIN  loss: 0.7638495103368219 acc: 0.9996064541519087
2025-10-05 18:06:49,192 [INFO] [18] AVG TRAIN time per sample (sec): 0.09016242567098366 
2025-10-05 18:06:49,192 [INFO] 
2025-10-05 18:07:21,710 [INFO] [19] TRAIN  loss: 0.7627585069188532 acc: 0.9992129083038174
2025-10-05 18:07:21,710 [INFO] [19] AVG TRAIN time per sample (sec): 0.08967367882998485 
2025-10-05 18:07:21,710 [INFO] 
2025-10-05 18:07:54,156 [INFO] [20] TRAIN  loss: 0.7577513928683299 acc: 0.9996064541519087
2025-10-05 18:07:54,156 [INFO] [20] AVG TRAIN time per sample (sec): 0.08890485988472993 
2025-10-05 18:07:54,156 [INFO] 
2025-10-05 18:08:26,580 [INFO] [21] TRAIN  loss: 0.7556569801186616 acc: 1.0
2025-10-05 18:08:26,580 [INFO] [21] AVG TRAIN time per sample (sec): 0.08865115552578333 
2025-10-05 18:08:26,580 [INFO] 
2025-10-05 18:08:58,583 [INFO] [22] TRAIN  loss: 0.7534320039569207 acc: 1.0
2025-10-05 18:08:58,583 [INFO] [22] AVG TRAIN time per sample (sec): 0.0899375857047315 
2025-10-05 18:08:58,583 [INFO] 
2025-10-05 18:09:30,557 [INFO] [23] TRAIN  loss: 0.7526551012722951 acc: 1.0
2025-10-05 18:09:30,557 [INFO] [23] AVG TRAIN time per sample (sec): 0.0904972418299261 
2025-10-05 18:09:30,557 [INFO] 
2025-10-05 18:10:02,769 [INFO] [24] TRAIN  loss: 0.7524052745891068 acc: 1.0
2025-10-05 18:10:02,769 [INFO] [24] AVG TRAIN time per sample (sec): 0.08900778248624981 
2025-10-05 18:10:02,769 [INFO] 
2025-10-05 18:10:41,845 [INFO] [25] TRAIN  loss: 0.7553457584021226 acc: 0.9988193624557261
2025-10-05 18:10:41,845 [INFO] [25] AVG TRAIN time per sample (sec): 0.11218504860716046 
2025-10-05 18:10:41,845 [INFO] 
2025-10-05 18:11:20,395 [INFO] [26] TRAIN  loss: 0.7673586719440963 acc: 0.9976387249114522
2025-10-05 18:11:20,395 [INFO] [26] AVG TRAIN time per sample (sec): 0.10713945469766292 
2025-10-05 18:11:20,395 [INFO] 
2025-10-05 18:11:58,646 [INFO] [27] TRAIN  loss: 0.7516830012483416 acc: 1.0
2025-10-05 18:11:58,646 [INFO] [27] AVG TRAIN time per sample (sec): 0.10750613797385737 
2025-10-05 18:11:58,646 [INFO] 
2025-10-05 18:12:36,869 [INFO] [28] TRAIN  loss: 0.7484120782816185 acc: 1.0
2025-10-05 18:12:36,869 [INFO] [28] AVG TRAIN time per sample (sec): 0.10732582380186836 
2025-10-05 18:12:36,869 [INFO] 
2025-10-05 18:13:15,317 [INFO] [29] TRAIN  loss: 0.7474247914440227 acc: 1.0
2025-10-05 18:13:15,317 [INFO] [29] AVG TRAIN time per sample (sec): 0.10764763940055415 
2025-10-05 18:13:15,317 [INFO] 
2025-10-05 18:13:53,522 [INFO] [30] TRAIN  loss: 0.7462563424740197 acc: 1.0
2025-10-05 18:13:53,522 [INFO] [30] AVG TRAIN time per sample (sec): 0.10888751047962117 
2025-10-05 18:13:53,522 [INFO] 
2025-10-05 18:14:31,684 [INFO] [31] TRAIN  loss: 0.7468012683796432 acc: 1.0
2025-10-05 18:14:31,684 [INFO] [31] AVG TRAIN time per sample (sec): 0.10921562167833436 
2025-10-05 18:14:31,684 [INFO] 
2025-10-05 18:15:09,790 [INFO] [32] TRAIN  loss: 0.74643966386903 acc: 1.0
2025-10-05 18:15:09,790 [INFO] [32] AVG TRAIN time per sample (sec): 0.10644314199123743 
2025-10-05 18:15:09,790 [INFO] 
2025-10-05 18:15:48,601 [INFO] [33] TRAIN  loss: 0.7450146225263488 acc: 1.0
2025-10-05 18:15:48,601 [INFO] [33] AVG TRAIN time per sample (sec): 0.11166182329069893 
2025-10-05 18:15:48,601 [INFO] 
2025-10-05 18:16:26,530 [INFO] [34] TRAIN  loss: 0.7447326948057931 acc: 1.0
2025-10-05 18:16:26,530 [INFO] [34] AVG TRAIN time per sample (sec): 0.10797203936666813 
2025-10-05 18:16:26,530 [INFO] 
2025-10-05 18:17:06,064 [INFO] [35] TRAIN  loss: 0.7437300052282945 acc: 1.0
2025-10-05 18:17:06,064 [INFO] [35] AVG TRAIN time per sample (sec): 0.11009719011918553 
2025-10-05 18:17:06,064 [INFO] 
2025-10-05 18:17:44,584 [INFO] [36] TRAIN  loss: 0.7435864862406029 acc: 1.0
2025-10-05 18:17:44,584 [INFO] [36] AVG TRAIN time per sample (sec): 0.11006125414146567 
2025-10-05 18:17:44,584 [INFO] 
2025-10-05 18:18:21,843 [INFO] [37] TRAIN  loss: 0.7431347685040168 acc: 1.0
2025-10-05 18:18:21,843 [INFO] [37] AVG TRAIN time per sample (sec): 0.10661312094274557 
2025-10-05 18:18:21,843 [INFO] 
2025-10-05 18:19:00,387 [INFO] [38] TRAIN  loss: 0.7423279240446271 acc: 1.0
2025-10-05 18:19:00,387 [INFO] [38] AVG TRAIN time per sample (sec): 0.11088364529159833 
2025-10-05 18:19:00,387 [INFO] 
2025-10-05 18:19:38,945 [INFO] [39] TRAIN  loss: 0.7417078558004128 acc: 1.0
2025-10-05 18:19:38,945 [INFO] [39] AVG TRAIN time per sample (sec): 0.11028645848328213 
2025-10-05 18:19:38,945 [INFO] 
2025-10-05 18:20:17,754 [INFO] [40] TRAIN  loss: 0.7412933493560215 acc: 1.0
2025-10-05 18:20:17,754 [INFO] [40] AVG TRAIN time per sample (sec): 0.11117092843325634 
2025-10-05 18:20:17,754 [INFO] 
2025-10-05 18:20:56,683 [INFO] [41] TRAIN  loss: 0.7510591183068618 acc: 0.9972451790633609
2025-10-05 18:20:56,683 [INFO] [41] AVG TRAIN time per sample (sec): 0.10866001417052071 
2025-10-05 18:20:56,683 [INFO] 
2025-10-05 18:21:33,357 [INFO] [42] TRAIN  loss: 0.7785258742998231 acc: 0.9933097205824478
2025-10-05 18:21:33,357 [INFO] [42] AVG TRAIN time per sample (sec): 0.09187680820249161 
2025-10-05 18:21:33,357 [INFO] 
2025-10-05 18:22:05,886 [INFO] [43] TRAIN  loss: 0.7616827622899469 acc: 0.9964580873671782
2025-10-05 18:22:05,886 [INFO] [43] AVG TRAIN time per sample (sec): 0.0886993093310662 
2025-10-05 18:22:05,886 [INFO] 
2025-10-05 18:22:39,173 [INFO] [44] TRAIN  loss: 0.7469809190282282 acc: 1.0
2025-10-05 18:22:39,173 [INFO] [44] AVG TRAIN time per sample (sec): 0.09023015229207165 
2025-10-05 18:22:39,173 [INFO] 
2025-10-05 18:23:12,769 [INFO] [45] TRAIN  loss: 0.7416992907254201 acc: 1.0
2025-10-05 18:23:12,769 [INFO] [45] AVG TRAIN time per sample (sec): 0.08880063497795249 
2025-10-05 18:23:12,769 [INFO] 
2025-10-05 18:23:45,704 [INFO] [46] TRAIN  loss: 0.7405285385419738 acc: 1.0
2025-10-05 18:23:45,704 [INFO] [46] AVG TRAIN time per sample (sec): 0.09087108216195736 
2025-10-05 18:23:45,704 [INFO] 
2025-10-05 18:24:18,386 [INFO] [47] TRAIN  loss: 0.7398624060288915 acc: 1.0
2025-10-05 18:24:18,386 [INFO] [47] AVG TRAIN time per sample (sec): 0.09056460182621794 
2025-10-05 18:24:18,386 [INFO] 
2025-10-05 18:24:51,891 [INFO] [48] TRAIN  loss: 0.7398825591465212 acc: 1.0
2025-10-05 18:24:51,891 [INFO] [48] AVG TRAIN time per sample (sec): 0.09196609146190139 
2025-10-05 18:24:51,891 [INFO] 
2025-10-05 18:25:40,473 [INFO] [49] TRAIN  loss: 0.7396099882305793 acc: 1.0
2025-10-05 18:25:40,473 [INFO] [49] AVG TRAIN time per sample (sec): 0.10757206970790648 
2025-10-05 18:25:40,473 [INFO] 
2025-10-05 18:26:20,573 [INFO] [50] TRAIN  loss: 0.7389182324679393 acc: 1.0
2025-10-05 18:26:20,573 [INFO] [50] AVG TRAIN time per sample (sec): 0.1103580043000995 
2025-10-05 18:26:20,573 [INFO] 
2025-10-05 18:27:01,659 [INFO] [51] TRAIN  loss: 0.7384556464429172 acc: 1.0
2025-10-05 18:27:01,659 [INFO] [51] AVG TRAIN time per sample (sec): 0.11519973233061016 
2025-10-05 18:27:01,659 [INFO] 
2025-10-05 18:27:42,224 [INFO] [52] TRAIN  loss: 0.7381789009526091 acc: 1.0
2025-10-05 18:27:42,224 [INFO] [52] AVG TRAIN time per sample (sec): 0.11019917479101217 
2025-10-05 18:27:42,224 [INFO] 
2025-10-05 18:28:23,834 [INFO] [53] TRAIN  loss: 0.7383845347278523 acc: 1.0
2025-10-05 18:28:23,834 [INFO] [53] AVG TRAIN time per sample (sec): 0.11765629615423814 
2025-10-05 18:28:23,834 [INFO] 
2025-10-05 18:29:04,315 [INFO] [54] TRAIN  loss: 0.7379588720933447 acc: 1.0
2025-10-05 18:29:04,316 [INFO] [54] AVG TRAIN time per sample (sec): 0.11053395946070833 
2025-10-05 18:29:04,316 [INFO] 
2025-10-05 18:29:45,053 [INFO] [55] TRAIN  loss: 0.7376924190881118 acc: 1.0
2025-10-05 18:29:45,053 [INFO] [55] AVG TRAIN time per sample (sec): 0.11197303376107845 
2025-10-05 18:29:45,053 [INFO] 
2025-10-05 18:30:26,753 [INFO] [56] TRAIN  loss: 0.7374290610259434 acc: 1.0
2025-10-05 18:30:26,753 [INFO] [56] AVG TRAIN time per sample (sec): 0.1175682747139121 
2025-10-05 18:30:26,754 [INFO] 
2025-10-05 18:31:08,685 [INFO] [57] TRAIN  loss: 0.7372887089567365 acc: 1.0
2025-10-05 18:31:08,685 [INFO] [57] AVG TRAIN time per sample (sec): 0.11839924893289241 
2025-10-05 18:31:08,685 [INFO] 
2025-10-05 18:31:51,462 [INFO] [58] TRAIN  loss: 0.7371239572201135 acc: 1.0
2025-10-05 18:31:51,462 [INFO] [58] AVG TRAIN time per sample (sec): 0.11735657700952494 
2025-10-05 18:31:51,462 [INFO] 
2025-10-05 18:32:32,564 [INFO] [59] TRAIN  loss: 0.7368122316756338 acc: 1.0
2025-10-05 18:32:32,564 [INFO] [59] AVG TRAIN time per sample (sec): 0.11182299874863534 
2025-10-05 18:32:32,564 [INFO] 
2025-10-05 18:33:12,987 [INFO] [60] TRAIN  loss: 0.736948625096735 acc: 1.0
2025-10-05 18:33:12,987 [INFO] [60] AVG TRAIN time per sample (sec): 0.10966209195694833 
2025-10-05 18:33:12,987 [INFO] 
2025-10-05 18:33:53,045 [INFO] [61] TRAIN  loss: 0.7365251937002506 acc: 1.0
2025-10-05 18:33:53,045 [INFO] [61] AVG TRAIN time per sample (sec): 0.10992465604026362 
2025-10-05 18:33:53,045 [INFO] 
2025-10-05 18:34:33,789 [INFO] [62] TRAIN  loss: 0.7364049947486734 acc: 1.0
2025-10-05 18:34:33,789 [INFO] [62] AVG TRAIN time per sample (sec): 0.11357309908237097 
2025-10-05 18:34:33,789 [INFO] 
2025-10-05 18:35:13,985 [INFO] [63] TRAIN  loss: 0.736324742155255 acc: 1.0
2025-10-05 18:35:13,985 [INFO] [63] AVG TRAIN time per sample (sec): 0.112198717189285 
2025-10-05 18:35:13,985 [INFO] 
2025-10-05 18:35:54,540 [INFO] [64] TRAIN  loss: 0.7362967437168337 acc: 1.0
2025-10-05 18:35:54,540 [INFO] [64] AVG TRAIN time per sample (sec): 0.11210852074173261 
2025-10-05 18:35:54,540 [INFO] 
2025-10-05 18:36:36,516 [INFO] [65] TRAIN  loss: 0.7359824990326503 acc: 1.0
2025-10-05 18:36:36,517 [INFO] [65] AVG TRAIN time per sample (sec): 0.11599154517335712 
2025-10-05 18:36:36,517 [INFO] 
2025-10-05 18:37:17,329 [INFO] [66] TRAIN  loss: 0.7359097318829231 acc: 1.0
2025-10-05 18:37:17,329 [INFO] [66] AVG TRAIN time per sample (sec): 0.11082593674929637 
2025-10-05 18:37:17,329 [INFO] 
2025-10-05 18:37:57,104 [INFO] [67] TRAIN  loss: 0.735745555949661 acc: 1.0
2025-10-05 18:37:57,104 [INFO] [67] AVG TRAIN time per sample (sec): 0.11159991543248014 
2025-10-05 18:37:57,104 [INFO] 
2025-10-05 18:38:38,489 [INFO] [68] TRAIN  loss: 0.7356830093095887 acc: 1.0
2025-10-05 18:38:38,489 [INFO] [68] AVG TRAIN time per sample (sec): 0.1142146182510088 
2025-10-05 18:38:38,489 [INFO] 
2025-10-05 18:39:17,736 [INFO] [69] TRAIN  loss: 0.7354770876326651 acc: 1.0
2025-10-05 18:39:17,736 [INFO] [69] AVG TRAIN time per sample (sec): 0.1088225706568304 
2025-10-05 18:39:17,737 [INFO] 
2025-10-05 18:39:57,168 [INFO] [70] TRAIN  loss: 0.735361063255454 acc: 1.0
2025-10-05 18:39:57,168 [INFO] [70] AVG TRAIN time per sample (sec): 0.10979537693959363 
2025-10-05 18:39:57,168 [INFO] 
2025-10-05 18:40:37,237 [INFO] [71] TRAIN  loss: 0.735291894876732 acc: 1.0
2025-10-05 18:40:37,237 [INFO] [71] AVG TRAIN time per sample (sec): 0.11138113714614005 
2025-10-05 18:40:37,237 [INFO] 
2025-10-05 18:41:17,227 [INFO] [72] TRAIN  loss: 0.735226757121536 acc: 1.0
2025-10-05 18:41:17,227 [INFO] [72] AVG TRAIN time per sample (sec): 0.10964443548670355 
2025-10-05 18:41:17,227 [INFO] 
2025-10-05 18:41:57,525 [INFO] [73] TRAIN  loss: 0.735169104810031 acc: 1.0
2025-10-05 18:41:57,525 [INFO] [73] AVG TRAIN time per sample (sec): 0.11518024948408019 
2025-10-05 18:41:57,525 [INFO] 
2025-10-05 18:42:38,355 [INFO] [74] TRAIN  loss: 0.7350379655945976 acc: 1.0
2025-10-05 18:42:38,355 [INFO] [74] AVG TRAIN time per sample (sec): 0.11382962397809299 
2025-10-05 18:42:38,355 [INFO] 
2025-10-05 18:43:20,509 [INFO] [75] TRAIN  loss: 0.7349803852585127 acc: 1.0
2025-10-05 18:43:20,509 [INFO] [75] AVG TRAIN time per sample (sec): 0.11646145469737502 
2025-10-05 18:43:20,509 [INFO] 
2025-10-05 18:44:03,135 [INFO] [76] TRAIN  loss: 0.7348532046911851 acc: 1.0
2025-10-05 18:44:03,135 [INFO] [76] AVG TRAIN time per sample (sec): 0.1207049050421085 
2025-10-05 18:44:03,135 [INFO] 
2025-10-05 18:44:45,381 [INFO] [77] TRAIN  loss: 0.7349374879081294 acc: 1.0
2025-10-05 18:44:45,381 [INFO] [77] AVG TRAIN time per sample (sec): 0.12190737814273474 
2025-10-05 18:44:45,381 [INFO] 
2025-10-05 18:45:26,354 [INFO] [78] TRAIN  loss: 0.7348482383871978 acc: 1.0
2025-10-05 18:45:26,358 [INFO] [78] AVG TRAIN time per sample (sec): 0.11571936562376202 
2025-10-05 18:45:26,358 [INFO] 
2025-10-05 18:46:09,697 [INFO] [79] TRAIN  loss: 0.7347709367860038 acc: 1.0
2025-10-05 18:46:09,697 [INFO] [79] AVG TRAIN time per sample (sec): 0.12080632740596556 
2025-10-05 18:46:09,697 [INFO] 
2025-10-05 18:46:51,084 [INFO] [80] TRAIN  loss: 0.7346617500737028 acc: 1.0
2025-10-05 18:46:51,084 [INFO] [80] AVG TRAIN time per sample (sec): 0.11132868056027394 
2025-10-05 18:46:51,085 [INFO] 
2025-10-05 18:47:30,374 [INFO] [81] TRAIN  loss: 0.7345352172851562 acc: 1.0
2025-10-05 18:47:30,374 [INFO] [81] AVG TRAIN time per sample (sec): 0.10901308734461947 
2025-10-05 18:47:30,374 [INFO] 
2025-10-05 18:48:10,525 [INFO] [82] TRAIN  loss: 0.7345945970067438 acc: 1.0
2025-10-05 18:48:10,526 [INFO] [82] AVG TRAIN time per sample (sec): 0.11416755532318691 
2025-10-05 18:48:10,526 [INFO] 
2025-10-05 18:48:45,980 [INFO] [83] TRAIN  loss: 0.7345110335440006 acc: 1.0
2025-10-05 18:48:45,980 [INFO] [83] AVG TRAIN time per sample (sec): 0.10199982040333298 
2025-10-05 18:48:45,980 [INFO] 
2025-10-05 18:49:22,315 [INFO] [84] TRAIN  loss: 0.7344588513644237 acc: 1.0
2025-10-05 18:49:22,315 [INFO] [84] AVG TRAIN time per sample (sec): 0.10240990260861954 
2025-10-05 18:49:22,315 [INFO] 
2025-10-05 18:49:59,427 [INFO] [85] TRAIN  loss: 0.7343725528357163 acc: 1.0
2025-10-05 18:49:59,427 [INFO] [85] AVG TRAIN time per sample (sec): 0.10438650284173354 
2025-10-05 18:49:59,427 [INFO] 
2025-10-05 18:50:36,664 [INFO] [86] TRAIN  loss: 0.7343590214567365 acc: 1.0
2025-10-05 18:50:36,666 [INFO] [86] AVG TRAIN time per sample (sec): 0.10496846010100166 
2025-10-05 18:50:36,666 [INFO] 
2025-10-05 18:51:12,209 [INFO] [87] TRAIN  loss: 0.7343715451798349 acc: 1.0
2025-10-05 18:51:12,210 [INFO] [87] AVG TRAIN time per sample (sec): 0.10224520035509793 
2025-10-05 18:51:12,210 [INFO] 
2025-10-05 18:51:48,221 [INFO] [88] TRAIN  loss: 0.7343453461269163 acc: 1.0
2025-10-05 18:51:48,221 [INFO] [88] AVG TRAIN time per sample (sec): 0.10181029562680226 
2025-10-05 18:51:48,221 [INFO] 
2025-10-05 18:52:25,636 [INFO] [89] TRAIN  loss: 0.7342594074753096 acc: 1.0
2025-10-05 18:52:25,636 [INFO] [89] AVG TRAIN time per sample (sec): 0.10748663938270425 
2025-10-05 18:52:25,636 [INFO] 
2025-10-05 18:53:02,895 [INFO] [90] TRAIN  loss: 0.7342650935334979 acc: 1.0
2025-10-05 18:53:02,895 [INFO] [90] AVG TRAIN time per sample (sec): 0.10680897505778186 
2025-10-05 18:53:02,895 [INFO] 
2025-10-05 18:53:38,662 [INFO] [91] TRAIN  loss: 0.734253649441701 acc: 1.0
2025-10-05 18:53:38,662 [INFO] [91] AVG TRAIN time per sample (sec): 0.10239624752188628 
2025-10-05 18:53:38,664 [INFO] 
2025-10-05 18:54:15,368 [INFO] [92] TRAIN  loss: 0.7342568163601857 acc: 1.0
2025-10-05 18:54:15,368 [INFO] [92] AVG TRAIN time per sample (sec): 0.10310193052831686 
2025-10-05 18:54:15,368 [INFO] 
2025-10-05 18:54:52,751 [INFO] [93] TRAIN  loss: 0.7342904288813753 acc: 1.0
2025-10-05 18:54:52,751 [INFO] [93] AVG TRAIN time per sample (sec): 0.10472569150744744 
2025-10-05 18:54:52,751 [INFO] 
2025-10-05 18:55:28,522 [INFO] [94] TRAIN  loss: 0.7342286739709243 acc: 1.0
2025-10-05 18:55:28,522 [INFO] [94] AVG TRAIN time per sample (sec): 0.1002864455277065 
2025-10-05 18:55:28,522 [INFO] 
2025-10-05 18:56:04,554 [INFO] [95] TRAIN  loss: 0.734423151556051 acc: 1.0
2025-10-05 18:56:04,554 [INFO] [95] AVG TRAIN time per sample (sec): 0.10444770669037441 
2025-10-05 18:56:04,554 [INFO] 
2025-10-05 18:56:40,587 [INFO] [96] TRAIN  loss: 0.7342453722683888 acc: 1.0
2025-10-05 18:56:40,587 [INFO] [96] AVG TRAIN time per sample (sec): 0.10090073774445732 
2025-10-05 18:56:40,587 [INFO] 
2025-10-05 18:57:16,457 [INFO] [97] TRAIN  loss: 0.7342075851728331 acc: 1.0
2025-10-05 18:57:16,459 [INFO] [97] AVG TRAIN time per sample (sec): 0.1013309415781273 
2025-10-05 18:57:16,459 [INFO] 
2025-10-05 18:57:52,119 [INFO] [98] TRAIN  loss: 0.7342323447173497 acc: 1.0
2025-10-05 18:57:52,119 [INFO] [98] AVG TRAIN time per sample (sec): 0.09951153791175699 
2025-10-05 18:57:52,120 [INFO] 
2025-10-05 18:58:29,214 [INFO] [99] TRAIN  loss: 0.7342298255776459 acc: 1.0
2025-10-05 18:58:29,214 [INFO] [99] AVG TRAIN time per sample (sec): 0.104412834599333 
2025-10-05 18:58:29,214 [INFO] 
2025-10-05 18:59:04,336 [INFO] [100] TRAIN  loss: 0.7341457582869619 acc: 1.0
2025-10-05 18:59:04,336 [INFO] [100] AVG TRAIN time per sample (sec): 0.09887309794156056 
2025-10-05 18:59:04,336 [INFO] 
2025-10-05 18:59:04,372 [INFO] 
Testing checkpointed models starting...

2025-10-05 19:00:18,044 [INFO] checkpoint_t_0  ->  Top 1: 0.3663522012578616 | Top 5: 0.7688679245283019
2025-10-05 19:01:21,314 [INFO] checkpoint_v_0  ->  Top 1: 0.22327044025157233 | Top 5: 0.5754716981132075
2025-10-05 19:02:21,280 [INFO] checkpoint_t_1  ->  Top 1: 0.9874213836477987 | Top 5: 0.9968553459119497
2025-10-05 19:03:21,331 [INFO] checkpoint_v_1  ->  Top 1: 0.9858490566037735 | Top 5: 0.9984276729559748
2025-10-05 19:04:21,434 [INFO] checkpoint_t_2  ->  Top 1: 0.9937106918238994 | Top 5: 0.9968553459119497
2025-10-05 19:05:31,587 [INFO] checkpoint_v_2  ->  Top 1: 0.9937106918238994 | Top 5: 0.9984276729559748
2025-10-05 19:06:37,073 [INFO] checkpoint_t_3  ->  Top 1: 0.9921383647798742 | Top 5: 1.0     
2025-10-05 19:07:38,221 [INFO] checkpoint_v_3  ->  Top 1: 0.9968553459119497 | Top 5: 0.9968553459119497
2025-10-05 19:08:40,929 [INFO] checkpoint_t_4  ->  Top 1: 0.9968553459119497 | Top 5: 1.0     
2025-10-05 19:09:43,404 [INFO] checkpoint_v_4  ->  Top 1: 0.9968553459119497 | Top 5: 0.9984276729559748
2025-10-05 19:10:48,461 [INFO] checkpoint_t_5  ->  Top 1: 0.9952830188679245 | Top 5: 0.9984276729559748
2025-10-05 19:11:53,075 [INFO] checkpoint_v_5  ->  Top 1: 0.9968553459119497 | Top 5: 1.0     
2025-10-05 19:12:56,654 [INFO] checkpoint_t_6  ->  Top 1: 0.9968553459119497 | Top 5: 0.9984276729559748
2025-10-05 19:14:02,201 [INFO] checkpoint_v_6  ->  Top 1: 0.9968553459119497 | Top 5: 1.0     
2025-10-05 19:15:05,834 [INFO] checkpoint_t_7  ->  Top 1: 0.9968553459119497 | Top 5: 1.0     
2025-10-05 19:16:10,131 [INFO] checkpoint_v_7  ->  Top 1: 0.9952830188679245 | Top 5: 0.9984276729559748
2025-10-05 19:17:14,694 [INFO] checkpoint_t_8  ->  Top 1: 0.9968553459119497 | Top 5: 1.0     
2025-10-05 19:18:20,466 [INFO] checkpoint_v_8  ->  Top 1: 0.9968553459119497 | Top 5: 1.0     
2025-10-05 19:19:23,874 [INFO] checkpoint_t_9  ->  Top 1: 0.9968553459119497 | Top 5: 1.0     
2025-10-05 19:20:30,434 [INFO] checkpoint_v_9  ->  Top 1: 0.9968553459119497 | Top 5: 0.9984276729559748
2025-10-05 19:21:32,188 [INFO] checkpoint_t_10  ->  Top 1: 0.9968553459119497 | Top 5: 1.0     
2025-10-05 19:22:37,274 [INFO] checkpoint_v_10  ->  Top 1: 0.9968553459119497 | Top 5: 0.9984276729559748
2025-10-05 19:22:37,357 [INFO] 
=== Parameter statistics ===
2025-10-05 19:22:37,362 [INFO] Total params: 4,120,045
2025-10-05 19:22:37,362 [INFO] Trainable params: 4,120,045
2025-10-05 19:22:37,362 [INFO] Frozen params: 0
2025-10-05 19:22:37,364 [INFO] 
=== Number of early exits ===
2025-10-05 19:24:23,311 [INFO] ENCODER
2025-10-05 19:24:23,311 [INFO] Exit in 1 stream 153
2025-10-05 19:24:23,311 [INFO] Exit in 2 stream 1
2025-10-05 19:24:23,311 [INFO] Exit in 3 stream 0
2025-10-05 19:24:23,311 [INFO] Full deepth 2387
2025-10-05 19:24:23,311 [INFO] Exit by lh_stream 12
2025-10-05 19:24:23,311 [INFO] Exit by rh_stream 21
2025-10-05 19:24:23,311 [INFO] Exit by b_stream 122
2025-10-05 19:24:23,311 [INFO] DECODER: 2541/2541
2025-10-05 19:24:23,311 [INFO] [Train] 154/2541 | 6.06%
2025-10-05 19:24:23,311 [INFO] 
2025-10-05 19:24:53,274 [INFO] ENCODER
2025-10-05 19:24:53,274 [INFO] Exit in 1 stream 35
2025-10-05 19:24:53,274 [INFO] Exit in 2 stream 1
2025-10-05 19:24:53,274 [INFO] Exit in 3 stream 0
2025-10-05 19:24:53,274 [INFO] Full deepth 600
2025-10-05 19:24:53,274 [INFO] Exit by lh_stream 2
2025-10-05 19:24:53,274 [INFO] Exit by rh_stream 7
2025-10-05 19:24:53,274 [INFO] Exit by b_stream 28
2025-10-05 19:24:53,274 [INFO] DECODER: 636/636
2025-10-05 19:24:53,274 [INFO] [Test]  36/636 | 5.66%
2025-10-05 19:24:53,274 [INFO] 
2025-10-05 19:24:53,274 [INFO] 
The top result was recorded at 0.9968553459119497 testing accuracy. The best checkpoint is LSA64/checkpoint_v_3.
2025-10-05 19:24:53,717 [INFO] Experiment parameters:
2025-10-05 19:24:53,717 [INFO] 			num_com_layers=1
2025-10-05 19:24:53,717 [INFO] 			num_enc_layers=3 | pat_enc=1
2025-10-05 19:24:53,717 [INFO] 			num_dec_layers=4 | pat_enc=2
2025-10-05 19:24:53,717 [INFO] 
Any desired statistics have been plotted.
The experiment is finished.
